
> mocha-app@0.0.0 build
> tsc -b && vite build

src/react-app/components/invoice/InvoicePrintHandler.tsx(2,27): error TS2614: Module '"./InvoiceTemplate"' has no exported member 'CompanyDetails'. Did you mean to use 'import CompanyDetails from "./InvoiceTemplate"' instead?
src/react-app/components/invoice/InvoicePrintHandler.tsx(2,43): error TS2614: Module '"./InvoiceTemplate"' has no exported member 'InvoiceData'. Did you mean to use 'import InvoiceData from "./InvoiceTemplate"' instead?
src/react-app/components/reports/CustomerReports.tsx(1,1): error TS6133: 'reportService' is declared but its value is never read.
src/react-app/components/reports/FinancialReports.tsx(40,37): error TS2322: Type '(value: number) => string' is not assignable to type 'Formatter<number, NameType> & ((value: number, name: NameType, item: Payload<number, NameType>, index: number, payload: Payload<number, NameType>[]) => ReactNode | [...])'.
  Type '(value: number) => string' is not assignable to type 'Formatter<number, NameType>'.
    Types of parameters 'value' and 'value' are incompatible.
      Type 'number | undefined' is not assignable to type 'number'.
        Type 'undefined' is not assignable to type 'number'.
src/react-app/components/reports/SalesReports.tsx(1,31): error TS6133: 'BarChart' is declared but its value is never read.
src/react-app/components/reports/SalesReports.tsx(1,41): error TS6133: 'Bar' is declared but its value is never read.
src/react-app/components/reports/SalesReports.tsx(1,84): error TS6133: 'Legend' is declared but its value is never read.
src/react-app/components/reports/StockReports.tsx(2,1): error TS6133: 'reportService' is declared but its value is never read.
src/react-app/pages/Billing.tsx(4,10): error TS2614: Module '"../components/invoice/InvoiceTemplate"' has no exported member 'CompanyDetails'. Did you mean to use 'import CompanyDetails from "../components/invoice/InvoiceTemplate"' instead?
src/react-app/pages/Billing.tsx(4,26): error TS2614: Module '"../components/invoice/InvoiceTemplate"' has no exported member 'InvoiceData'. Did you mean to use 'import InvoiceData from "../components/invoice/InvoiceTemplate"' instead?
src/react-app/pages/Reports.tsx(2,10): error TS6133: 'FileText' is declared but its value is never read.
error TS2688: Cannot find type definition file for './worker-configuration.d.ts'.
  The file is in the program because:
    Entry point of type library './worker-configuration.d.ts' specified in compilerOptions
