
> mocha-app@0.0.0 build
> tsc -b && vite build

src/react-app/components/invoice/InvoiceTemplate.tsx(4,15): error TS2303: Circular definition of import alias 'CompanyDetails'.
src/react-app/components/invoice/InvoiceTemplate.tsx(4,31): error TS2303: Circular definition of import alias 'InvoiceData'.
src/react-app/components/invoice/InvoiceTemplate.tsx(106,41): error TS7006: Parameter 'item' implicitly has an 'any' type.
src/react-app/components/invoice/InvoiceTemplate.tsx(106,47): error TS7006: Parameter 'index' implicitly has an 'any' type.
src/react-app/components/reports/CustomerReports.tsx(1,1): error TS6133: 'reportService' is declared but its value is never read.
src/react-app/components/reports/FinancialReports.tsx(40,37): error TS2322: Type '(value: number) => string' is not assignable to type 'Formatter<number, NameType> & ((value: number, name: NameType, item: Payload<number, NameType>, index: number, payload: Payload<number, NameType>[]) => ReactNode | [...])'.
  Type '(value: number) => string' is not assignable to type 'Formatter<number, NameType>'.
    Types of parameters 'value' and 'value' are incompatible.
      Type 'number | undefined' is not assignable to type 'number'.
        Type 'undefined' is not assignable to type 'number'.
src/react-app/components/reports/SalesReports.tsx(1,31): error TS6133: 'BarChart' is declared but its value is never read.
src/react-app/components/reports/SalesReports.tsx(1,41): error TS6133: 'Bar' is declared but its value is never read.
src/react-app/components/reports/SalesReports.tsx(1,84): error TS6133: 'Legend' is declared but its value is never read.
src/react-app/components/reports/StockReports.tsx(2,1): error TS6133: 'reportService' is declared but its value is never read.
src/react-app/pages/Reports.tsx(2,10): error TS6133: 'FileText' is declared but its value is never read.
src/react-app/services/ReportService.ts(1,1): error TS6192: All imports in import declaration are unused.
src/react-app/services/ReportService.ts(1,59): error TS2307: Cannot find module '../components/types' or its corresponding type declarations.
error TS2688: Cannot find type definition file for './worker-configuration.d.ts'.
  The file is in the program because:
    Entry point of type library './worker-configuration.d.ts' specified in compilerOptions
