src/react-app/components/GlobalErrorBoundary.tsx(1,8): error TS6133: 'React' is declared but its value is never read.
src/react-app/pages/Billing.tsx(309,78): error TS6133: 'e' is declared but its value is never read.
src/react-app/pages/CustomerBillList.tsx(83,57): error TS6133: 'e' is declared but its value is never read.
src/react-app/pages/CustomerBillList.tsx(84,57): error TS6133: 'e' is declared but its value is never read.
src/react-app/pages/Customers.tsx(26,1): error TS6133: 'XLSX' is declared but its value is never read.
src/react-app/pages/Customers.tsx(28,1): error TS6192: All imports in import declaration are unused.
src/react-app/pages/Customers.tsx(78,7): error TS6133: 'mapInvoiceToPrintData' is declared but its value is never read.
src/react-app/pages/Customers.tsx(109,27): error TS2440: Import declaration conflicts with local declaration of 'Customer'.
src/react-app/pages/Customers.tsx(111,1): error TS6133: 'authService' is declared but its value is never read.
src/react-app/pages/Customers.tsx(116,9): error TS6133: 'navigate' is declared but its value is never read.
src/react-app/pages/Customers.tsx(119,10): error TS6133: 'loading' is declared but its value is never read.
src/react-app/pages/Customers.tsx(156,32): error TS6133: 'setDownloadingInvoiceId' is declared but its value is never read.
src/react-app/pages/Customers.tsx(157,30): error TS6133: 'setIsBatchDownloading' is declared but its value is never read.
src/react-app/pages/Customers.tsx(158,25): error TS6133: 'setBatchProgress' is declared but its value is never read.
src/react-app/pages/Customers.tsx(159,25): error TS6133: 'setDownloadError' is declared but its value is never read.
src/react-app/pages/Customers.tsx(992,60): error TS2304: Cannot find name 'handleDownloadAllPDF'.
src/react-app/pages/Customers.tsx(1044,72): error TS2304: Cannot find name 'handleDownloadPDF'.
src/react-app/pages/Customers.tsx(1088,32): error TS2304: Cannot find name 'handleExportExcel'.
src/react-app/pages/Customers.tsx(1097,32): error TS2304: Cannot find name 'handleExportExcel'.
src/react-app/pages/Customers.tsx(1106,32): error TS2304: Cannot find name 'handleExportExcel'.
src/react-app/pages/Customers.tsx(1115,32): error TS2304: Cannot find name 'handleExportExcel'.
src/react-app/pages/InvoiceView.tsx(84,57): error TS6133: 'e' is declared but its value is never read.
src/react-app/pages/InvoiceView.tsx(85,57): error TS6133: 'e' is declared but its value is never read.
src/react-app/pages/Login.tsx(19,22): error TS2339: Property 'role' does not exist on type 'Promise<User | null>'.
src/react-app/pages/Products.tsx(25,10): error TS6133: 'loading' is declared but its value is never read.
